manifest should match snapshot:
  1: |
    apiVersion: networking.k8s.io/v1
    kind: Ingress
    metadata:
      labels:
        app.kubernetes.io/instance: RELEASE-NAME
        app.kubernetes.io/managed-by: Helm
        app.kubernetes.io/name: application
        helm.sh/chart: application-0.0.1
      name: RELEASE-NAME-application
      namespace: NAMESPACE
    spec:
      rules:
        - host: application.local
          http:
            paths:
              - backend:
                  service:
                    name: RELEASE-NAME-application
                    port:
                      name: http
                path: /
                pathType: ImplementationSpecific
